class Logger
{
    constructor()
    {
    }

    method Log(message: string)
    {
        print(message);
    }

method LogDrawing(shape: Shape)
    modifies shape
    ensures shape.x == shape.x;
    {
        var message := "Shape was drawn at " + shape.x + ":" + shape.y;
        this.Log(message);
    }
}

class Shape
{
    var x: string;
    var y: string;

    constructor(x: string, y: string)
    {
        this.x := x;
        this.y := y;
    }

    

    method Draw(logger: Logger?)
    modifies this
    {
        if (logger != null) {
            (logger).LogDrawing(this);
            (logger).LogDrawing((this));    
        }

        var logger := new Logger();
        (logger).LogDrawing(this);
        
    }
}

method Main()
{
    var shape := new Shape("1", "3");
    var logger := new Logger();
    (logger).LogDrawing(shape);
}
