class Logger
{
    constructor()
    {
    }

    method Log(message: string)
    {
        print(message);
    }

    method LogDrawing(shape: Shape)
    {
    }

method Draw(shape: Shape)
    modifies shape
    {
        shape.LogDrawing(this);
        shape.LogDrawing(this);

        {
            var logger := new Logger();
            shape.LogDrawing(this);
        }
    }
}

class Shape
{
    var x: string;
    var y: string;

    constructor(x: string, y: string)
    {
        this.x := x;
        this.y := y;
    }

    method LogDrawing(logger: Logger)
    modifies this
    ensures this.x == this.x;
    {
        var message := "Shape was drawn at " + x + ":" + this.y;
        logger.Log(message);
    }

    
}

method Main()
{
    var shape := new Shape("1", "3");
    var logger := new Logger();
    shape.LogDrawing(logger);
}
